<html>
<body>
<pre>
<h1>礦ision Build Log</h1>
<h2>Tool Versions:</h2>
IDE-Version: μVision V5.20.0.0
Copyright (C) 2016 ARM Ltd and ARM Germany GmbH. All rights reserved.
License Information: de Design, s, LIC=----
 
Tool Versions:
Toolchain:       MDK-Lite  Version: 5.20
Toolchain Path:  C:\Keil_v5\ARM\ARMCC\Bin
C Compiler:      Armcc.exe V5.06 update 2 (build 183)
Assembler:       Armasm.exe V5.06 update 2 (build 183)
Linker/Locator:  ArmLink.exe V5.06 update 2 (build 183)
Library Manager: ArmAr.exe V5.06 update 2 (build 183)
Hex Converter:   FromElf.exe V5.06 update 2 (build 183)
CPU DLL:         SARMCM3.DLL V5.20
Dialog DLL:      DARMSTM.DLL V1.66.0.0
Target DLL:      STLink\ST-LINKIII-KEIL_SWO.dll V2.0.18.0
Dialog DLL:      TARMSTM.DLL V1.65.0.0
 
<h2>Project:</h2>
D:\All_C_main\deskdop\新建文件夹\WangYao@\temp_hum\temp_hum_keil\USER\USMART.uvprojx
Project File Date:  06/28/2020

<h2>Output:</h2>
*** Using Compiler 'V5.06 update 2 (build 183)', folder: 'C:\Keil_v5\ARM\ARMCC\Bin'
Rebuild target 'Target 1'
compiling main.c...
main.c(168): warning:  #1-D: last line of file ends without a newline
  }
main.c: 1 warning, 0 errors
compiling delay.c...
compiling sys.c...
compiling system_stm32f10x.c...
compiling usart.c...
compiling adc.c...
compiling stm32f10x_it.c...
assembling startup_stm32f10x_hd.s...
compiling core_cm3.c...
compiling misc.c...
compiling stm32f10x_flash.c...
compiling stm32f10x_gpio.c...
compiling stm32f10x_rcc.c...
compiling stm32f10x_fsmc.c...
compiling stm32f10x_tim.c...
compiling stm32f10x_usart.c...
compiling stm32f10x_adc.c...
compiling stm32f10x_dac.c...
compiling DTH11.c...
compiling LQ12864.c...
..\my_file\OLED\LQ12864.c(493): warning:  #188-D: enumerated type mixed with another type
  	
CD_DC(1);;
..\my_file\OLED\LQ12864.c(494): warning:  #188-D: enumerated type mixed with another type
    
CD_SCL(0);;
..\my_file\OLED\LQ12864.c(498): warning:  #188-D: enumerated type mixed with another type
      if(data&0x80){
CD_SDA(1);}
..\my_file\OLED\LQ12864.c(499): warning:  #188-D: enumerated type mixed with another type
      else{
CD_SDA(0);}
..\my_file\OLED\LQ12864.c(500): warning:  #188-D: enumerated type mixed with another type
      
CD_SCL(1); 
..\my_file\OLED\LQ12864.c(503): warning:  #188-D: enumerated type mixed with another type
      
CD_SCL(0);;    
..\my_file\OLED\LQ12864.c(513): warning:  #188-D: enumerated type mixed with another type
  	
CD_DC(0);;
..\my_file\OLED\LQ12864.c(514): warning:  #188-D: enumerated type mixed with another type
    
CD_SCL(0);;
..\my_file\OLED\LQ12864.c(518): warning:  #188-D: enumerated type mixed with another type
      if(cmd&0x80){
CD_SDA(1);}
..\my_file\OLED\LQ12864.c(519): warning:  #188-D: enumerated type mixed with another type
      else{
CD_SDA(0);;}
..\my_file\OLED\LQ12864.c(520): warning:  #188-D: enumerated type mixed with another type
      
CD_SCL(1);;
..\my_file\OLED\LQ12864.c(523): warning:  #188-D: enumerated type mixed with another type
      
CD_SCL(0);;    
..\my_file\OLED\LQ12864.c(592): warning:  #188-D: enumerated type mixed with another type
  	GPIO_WriteBit(
PIOB,
PIO_Pin_6,0) ;
..\my_file\OLED\LQ12864.c(593): warning:  #188-D: enumerated type mixed with another type
  	GPIO_WriteBit(
PIOB,
PIO_Pin_7,0) ;
..\my_file\OLED\LQ12864.c(594): warning:  #188-D: enumerated type mixed with another type
  	GPIO_WriteBit(
PIOB,
PIO_Pin_8,0) ;
..\my_file\OLED\LQ12864.c(595): warning:  #188-D: enumerated type mixed with another type
  	GPIO_WriteBit(
PIOB,
PIO_Pin_9,0) ;
..\my_file\OLED\LQ12864.c(598): warning:  #188-D: enumerated type mixed with another type
  	
CD_SCL(1);
..\my_file\OLED\LQ12864.c(601): warning:  #188-D: enumerated type mixed with another type
  	
CD_RST(0);
..\my_file\OLED\LQ12864.c(603): warning:  #188-D: enumerated type mixed with another type
  	
CD_RST(1);
..\my_file\OLED\LQ12864.c: 19 warnings, 0 errors
linking...
Program Size: Code=10694 RO-data=4270 RW-data=820 ZI-data=1836  
FromELF: creating hex file...
"..\OBJ\temp.axf" - 0 Error(s), 20 Warning(s).

<h2>Software Packages used:</h2>

Package Vendor: ARM
                http://www.keil.com/pack/ARM.CMSIS.4.5.0.pack
                ARM::CMSIS:CORE:4.3.0
                CMSIS (Cortex Microcontroller Software Interface Standard)
   * Component: CORE Version: 4.3.0

<h2>Collection of Component include folders:</h2>
  D:\All_C_main\deskdop\新建文件夹\WangYao@\temp_hum\temp_hum_keil\USER\RTE
  C:\Keil_v5\ARM\PACK\ARM\CMSIS\4.5.0\CMSIS\Include
  C:\Keil_v5\ARM\PACK\Keil\STM32F1xx_DFP\2.2.0\Device\Include

<h2>Collection of Component Files used:</h2>

   * Component: ARM::CMSIS:CORE:4.3.0
Build Time Elapsed:  00:00:04
</pre>
</body>
</html>
